---
source: src/config.rs
assertion_line: 289
expression: json
---
{
  "polling_interval_ms": 1000,
  "transparency": 0.85,
  "visualization": "gauges",
  "overlay_mode": "interactive",
  "hotkey": "Ctrl+Shift+P",
  "window_position": null,
  "window_size": {
    "width": 400.0,
    "height": 360.0
  },
  "theme": "dark"
}
