---
source: src/ui/panel.rs
expression: panel_snapshot(&panel)
---
PanelSnapshot {
    label: "GPU",
    primary_value: "28%",
    secondary_value: Some(
        "72°C",
    ),
    tertiary_value: Some(
        "1.9/8 GB",
    ),
    vis_branch: Sparkline,
    color_rgb: (
        230,
        80,
        80,
    ),
}
